24-Jun-2026 21:11:56.488 INFORMACIÓN [main] org.apache.catalina.startup.VersionLoggerListener.log Nombre de la versión del servidor: Apache Tomcat/10.1.56
24-Jun-2026 21:11:56.496 INFORMACIÓN [main] org.apache.catalina.startup.VersionLoggerListener.log Server built:                      Jun 17 2026 23:33:08 UTC
24-Jun-2026 21:11:56.496 INFORMACIÓN [main] org.apache.catalina.startup.VersionLoggerListener.log Número de versión de servidor:     10.1.56.0
24-Jun-2026 21:11:56.496 INFORMACIÓN [main] org.apache.catalina.startup.VersionLoggerListener.log OS Name:                           Windows 11
24-Jun-2026 21:11:56.497 INFORMACIÓN [main] org.apache.catalina.startup.VersionLoggerListener.log Versión de Systema Operativo:      10.0
24-Jun-2026 21:11:56.497 INFORMACIÓN [main] org.apache.catalina.startup.VersionLoggerListener.log Arquitectura:                      amd64
24-Jun-2026 21:11:56.497 INFORMACIÓN [main] org.apache.catalina.startup.VersionLoggerListener.log Java Home:                         C:\Program Files\Eclipse Adoptium\jdk-21.0.7.6-hotspot
24-Jun-2026 21:11:56.497 INFORMACIÓN [main] org.apache.catalina.startup.VersionLoggerListener.log JVM Version:                       21.0.7+6-LTS
24-Jun-2026 21:11:56.497 INFORMACIÓN [main] org.apache.catalina.startup.VersionLoggerListener.log Vededor JVM:                       Eclipse Adoptium
24-Jun-2026 21:11:56.497 INFORMACIÓN [main] org.apache.catalina.startup.VersionLoggerListener.log CATALINA_BASE:                     D:\Desktop\cowork\evidencias\july\signlearn-jdbc\tomcat
24-Jun-2026 21:11:56.497 INFORMACIÓN [main] org.apache.catalina.startup.VersionLoggerListener.log CATALINA_HOME:                     D:\Desktop\cowork\evidencias\july\signlearn-jdbc\tomcat
24-Jun-2026 21:11:56.509 INFORMACIÓN [main] org.apache.catalina.startup.VersionLoggerListener.log Command line argument:             -Djava.util.logging.config.file=D:\Desktop\cowork\evidencias\july\signlearn-jdbc\tomcat\conf\logging.properties
24-Jun-2026 21:11:56.509 INFORMACIÓN [main] org.apache.catalina.startup.VersionLoggerListener.log Command line argument:             -Djava.util.logging.manager=org.apache.juli.ClassLoaderLogManager
24-Jun-2026 21:11:56.509 INFORMACIÓN [main] org.apache.catalina.startup.VersionLoggerListener.log Command line argument:             -Djdk.tls.ephemeralDHKeySize=2048
24-Jun-2026 21:11:56.509 INFORMACIÓN [main] org.apache.catalina.startup.VersionLoggerListener.log Command line argument:             -Djava.protocol.handler.pkgs=org.apache.catalina.webresources
24-Jun-2026 21:11:56.513 INFORMACIÓN [main] org.apache.catalina.startup.VersionLoggerListener.log Command line argument:             -Dsun.io.useCanonCaches=false
24-Jun-2026 21:11:56.513 INFORMACIÓN [main] org.apache.catalina.startup.VersionLoggerListener.log Command line argument:             --add-opens=java.base/java.lang=ALL-UNNAMED
24-Jun-2026 21:11:56.513 INFORMACIÓN [main] org.apache.catalina.startup.VersionLoggerListener.log Command line argument:             --add-opens=java.base/java.lang.reflect=ALL-UNNAMED
24-Jun-2026 21:11:56.513 INFORMACIÓN [main] org.apache.catalina.startup.VersionLoggerListener.log Command line argument:             --add-opens=java.base/java.io=ALL-UNNAMED
24-Jun-2026 21:11:56.513 INFORMACIÓN [main] org.apache.catalina.startup.VersionLoggerListener.log Command line argument:             --add-opens=java.base/java.util=ALL-UNNAMED
24-Jun-2026 21:11:56.513 INFORMACIÓN [main] org.apache.catalina.startup.VersionLoggerListener.log Command line argument:             --add-opens=java.base/java.util.concurrent=ALL-UNNAMED
24-Jun-2026 21:11:56.513 INFORMACIÓN [main] org.apache.catalina.startup.VersionLoggerListener.log Command line argument:             --add-opens=java.rmi/sun.rmi.transport=ALL-UNNAMED
24-Jun-2026 21:11:56.513 INFORMACIÓN [main] org.apache.catalina.startup.VersionLoggerListener.log Command line argument:             -Dcatalina.base=D:\Desktop\cowork\evidencias\july\signlearn-jdbc\tomcat
24-Jun-2026 21:11:56.513 INFORMACIÓN [main] org.apache.catalina.startup.VersionLoggerListener.log Command line argument:             -Dcatalina.home=D:\Desktop\cowork\evidencias\july\signlearn-jdbc\tomcat
24-Jun-2026 21:11:56.513 INFORMACIÓN [main] org.apache.catalina.startup.VersionLoggerListener.log Command line argument:             -Djava.io.tmpdir=D:\Desktop\cowork\evidencias\july\signlearn-jdbc\tomcat\temp
24-Jun-2026 21:11:56.513 INFORMACIÓN [main] org.apache.catalina.core.AprLifecycleListener.lifecycleEvent Cargada la biblioteca nativa APR de Apache Tomcat [2.0.15] con la versión APR [1.7.6].
24-Jun-2026 21:11:56.538 INFORMACIÓN [main] org.apache.catalina.core.AprLifecycleListener.initializeSSL OpenSSL inicializado correctamente [OpenSSL 3.5.7 9 Jun 2026]
24-Jun-2026 21:11:56.801 INFORMACIÓN [main] org.apache.coyote.AbstractProtocol.init Inicializando el manejador de protocolo ["http-nio-8080"]

24-Jun-2026 21:11:56.828 INFORMACIÓN [main] org.apache.catalina.startup.Catalina.load Server initialization in [543] milliseconds
24-Jun-2026 21:11:56.894 INFORMACIÓN [main] org.apache.catalina.core.StandardService.startInternal Arrancando servicio [Catalina]
24-Jun-2026 21:11:56.896 INFORMACIÓN [main] org.apache.catalina.core.StandardEngine.startInternal Starting Servlet engine: [Apache Tomcat/10.1.56]
24-Jun-2026 21:11:56.914 INFORMACIÓN [main] org.apache.catalina.startup.HostConfig.deployDirectory Desplegando el directorio [D:\Desktop\cowork\evidencias\july\signlearn-jdbc\tomcat\webapps\docs] de la aplicación web
24-Jun-2026 21:11:57.306 INFORMACIÓN [main] org.apache.catalina.startup.HostConfig.deployDirectory Deployment of web application directory [D:\Desktop\cowork\evidencias\july\signlearn-jdbc\tomcat\webapps\docs] has finished in [390] ms
24-Jun-2026 21:11:57.308 INFORMACIÓN [main] org.apache.catalina.startup.HostConfig.deployDirectory Desplegando el directorio [D:\Desktop\cowork\evidencias\july\signlearn-jdbc\tomcat\webapps\examples] de la aplicación web
24-Jun-2026 21:11:57.875 INFORMACIÓN [main] org.apache.catalina.startup.HostConfig.deployDirectory Deployment of web application directory [D:\Desktop\cowork\evidencias\july\signlearn-jdbc\tomcat\webapps\examples] has finished in [567] ms
24-Jun-2026 21:11:57.875 INFORMACIÓN [main] org.apache.catalina.startup.HostConfig.deployDirectory Desplegando el directorio [D:\Desktop\cowork\evidencias\july\signlearn-jdbc\tomcat\webapps\host-manager] de la aplicación web
24-Jun-2026 21:11:57.923 INFORMACIÓN [main] org.apache.catalina.startup.HostConfig.deployDirectory Deployment of web application directory [D:\Desktop\cowork\evidencias\july\signlearn-jdbc\tomcat\webapps\host-manager] has finished in [48] ms
24-Jun-2026 21:11:57.923 INFORMACIÓN [main] org.apache.catalina.startup.HostConfig.deployDirectory Desplegando el directorio [D:\Desktop\cowork\evidencias\july\signlearn-jdbc\tomcat\webapps\manager] de la aplicación web
24-Jun-2026 21:11:57.983 INFORMACIÓN [main] org.apache.catalina.startup.HostConfig.deployDirectory Deployment of web application directory [D:\Desktop\cowork\evidencias\july\signlearn-jdbc\tomcat\webapps\manager] has finished in [60] ms
24-Jun-2026 21:11:57.983 INFORMACIÓN [main] org.apache.catalina.startup.HostConfig.deployDirectory Desplegando el directorio [D:\Desktop\cowork\evidencias\july\signlearn-jdbc\tomcat\webapps\ROOT] de la aplicación web
24-Jun-2026 21:11:58.014 INFORMACIÓN [main] org.apache.catalina.startup.HostConfig.deployDirectory Deployment of web application directory [D:\Desktop\cowork\evidencias\july\signlearn-jdbc\tomcat\webapps\ROOT] has finished in [31] ms
24-Jun-2026 21:11:58.014 INFORMACIÓN [main] org.apache.catalina.startup.HostConfig.deployDirectory Desplegando el directorio [D:\Desktop\cowork\evidencias\july\signlearn-jdbc\tomcat\webapps\signlearn] de la aplicación web
24-Jun-2026 21:11:58.460 INFORMACIÓN [main] org.apache.jasper.servlet.TldScanner.scanJars Al menos un JAR, que se ha explorado buscando TLDs, aún no contenía TLDs. Activar historial de depuración para este historiador para una completa lista de los JARs que fueron explorados y de los que nos se halló TLDs. Saltarse JARs no necesarios durante la exploración puede dar lugar a una mejora de tiempo significativa en el arranque y compilación de JSP .
24-Jun-2026 21:11:58.468 INFORMACIÓN [main] org.apache.catalina.startup.HostConfig.deployDirectory Deployment of web application directory [D:\Desktop\cowork\evidencias\july\signlearn-jdbc\tomcat\webapps\signlearn] has finished in [454] ms
24-Jun-2026 21:11:58.478 INFORMACIÓN [main] org.apache.coyote.AbstractProtocol.start Starting ProtocolHandler ["http-nio-8080"]
24-Jun-2026 21:11:58.503 INFORMACIÓN [main] org.apache.catalina.startup.Catalina.start Server startup in [1676] milliseconds
24-Jun-2026 21:12:47.480 INFORMACIÓN [main] org.apache.catalina.startup.VersionLoggerListener.log Nombre de la versión del servidor: Apache Tomcat/10.1.56
24-Jun-2026 21:12:47.480 INFORMACIÓN [main] org.apache.catalina.startup.VersionLoggerListener.log Server built:                      Jun 17 2026 23:33:08 UTC
24-Jun-2026 21:12:47.480 INFORMACIÓN [main] org.apache.catalina.startup.VersionLoggerListener.log Número de versión de servidor:     10.1.56.0
24-Jun-2026 21:12:47.480 INFORMACIÓN [main] org.apache.catalina.startup.VersionLoggerListener.log OS Name:                           Windows 11
24-Jun-2026 21:12:47.480 INFORMACIÓN [main] org.apache.catalina.startup.VersionLoggerListener.log Versión de Systema Operativo:      10.0
24-Jun-2026 21:12:47.480 INFORMACIÓN [main] org.apache.catalina.startup.VersionLoggerListener.log Arquitectura:                      amd64
24-Jun-2026 21:12:47.480 INFORMACIÓN [main] org.apache.catalina.startup.VersionLoggerListener.log Java Home:                         C:\Program Files\Eclipse Adoptium\jdk-21.0.7.6-hotspot
24-Jun-2026 21:12:47.480 INFORMACIÓN [main] org.apache.catalina.startup.VersionLoggerListener.log JVM Version:                       21.0.7+6-LTS
24-Jun-2026 21:12:47.480 INFORMACIÓN [main] org.apache.catalina.startup.VersionLoggerListener.log Vededor JVM:                       Eclipse Adoptium
24-Jun-2026 21:12:47.480 INFORMACIÓN [main] org.apache.catalina.startup.VersionLoggerListener.log CATALINA_BASE:                     D:\Desktop\cowork\evidencias\july\signlearn-jdbc\tomcat
24-Jun-2026 21:12:47.480 INFORMACIÓN [main] org.apache.catalina.startup.VersionLoggerListener.log CATALINA_HOME:                     D:\Desktop\cowork\evidencias\july\signlearn-jdbc\tomcat
24-Jun-2026 21:12:47.497 INFORMACIÓN [main] org.apache.catalina.startup.VersionLoggerListener.log Command line argument:             -Djava.util.logging.config.file=D:\Desktop\cowork\evidencias\july\signlearn-jdbc\tomcat\conf\logging.properties
24-Jun-2026 21:12:47.497 INFORMACIÓN [main] org.apache.catalina.startup.VersionLoggerListener.log Command line argument:             -Djava.util.logging.manager=org.apache.juli.ClassLoaderLogManager
24-Jun-2026 21:12:47.497 INFORMACIÓN [main] org.apache.catalina.startup.VersionLoggerListener.log Command line argument:             -Djdk.tls.ephemeralDHKeySize=2048
24-Jun-2026 21:12:47.497 INFORMACIÓN [main] org.apache.catalina.startup.VersionLoggerListener.log Command line argument:             -Djava.protocol.handler.pkgs=org.apache.catalina.webresources
24-Jun-2026 21:12:47.497 INFORMACIÓN [main] org.apache.catalina.startup.VersionLoggerListener.log Command line argument:             -Dsun.io.useCanonCaches=false
24-Jun-2026 21:12:47.497 INFORMACIÓN [main] org.apache.catalina.startup.VersionLoggerListener.log Command line argument:             --add-opens=java.base/java.lang=ALL-UNNAMED
24-Jun-2026 21:12:47.497 INFORMACIÓN [main] org.apache.catalina.startup.VersionLoggerListener.log Command line argument:             --add-opens=java.base/java.lang.reflect=ALL-UNNAMED
24-Jun-2026 21:12:47.497 INFORMACIÓN [main] org.apache.catalina.startup.VersionLoggerListener.log Command line argument:             --add-opens=java.base/java.io=ALL-UNNAMED
24-Jun-2026 21:12:47.497 INFORMACIÓN [main] org.apache.catalina.startup.VersionLoggerListener.log Command line argument:             --add-opens=java.base/java.util=ALL-UNNAMED
24-Jun-2026 21:12:47.497 INFORMACIÓN [main] org.apache.catalina.startup.VersionLoggerListener.log Command line argument:             --add-opens=java.base/java.util.concurrent=ALL-UNNAMED
24-Jun-2026 21:12:47.497 INFORMACIÓN [main] org.apache.catalina.startup.VersionLoggerListener.log Command line argument:             --add-opens=java.rmi/sun.rmi.transport=ALL-UNNAMED
24-Jun-2026 21:12:47.497 INFORMACIÓN [main] org.apache.catalina.startup.VersionLoggerListener.log Command line argument:             -Dcatalina.base=D:\Desktop\cowork\evidencias\july\signlearn-jdbc\tomcat
24-Jun-2026 21:12:47.497 INFORMACIÓN [main] org.apache.catalina.startup.VersionLoggerListener.log Command line argument:             -Dcatalina.home=D:\Desktop\cowork\evidencias\july\signlearn-jdbc\tomcat
24-Jun-2026 21:12:47.497 INFORMACIÓN [main] org.apache.catalina.startup.VersionLoggerListener.log Command line argument:             -Djava.io.tmpdir=D:\Desktop\cowork\evidencias\july\signlearn-jdbc\tomcat\temp
24-Jun-2026 21:12:47.504 INFORMACIÓN [main] org.apache.catalina.core.AprLifecycleListener.lifecycleEvent Cargada la biblioteca nativa APR de Apache Tomcat [2.0.15] con la versión APR [1.7.6].
24-Jun-2026 21:12:47.504 INFORMACIÓN [main] org.apache.catalina.core.AprLifecycleListener.initializeSSL OpenSSL inicializado correctamente [OpenSSL 3.5.7 9 Jun 2026]
24-Jun-2026 21:12:47.763 INFORMACIÓN [main] org.apache.coyote.AbstractProtocol.init Inicializando el manejador de protocolo ["http-nio-8080"]

24-Jun-2026 21:12:47.790 GRAVE [main] org.apache.catalina.util.LifecycleBase.handleSubClassException Fallo al iniciar el componente [Connector["http-nio-8080"]]
	org.apache.catalina.LifecycleException: Falló la inicialización del manejador de protocolo
		at org.apache.catalina.connector.Connector.initInternal(Connector.java:1275)
		at org.apache.catalina.util.LifecycleBase.init(LifecycleBase.java:128)
		at org.apache.catalina.core.StandardService.initInternal(StandardService.java:543)
		at org.apache.catalina.util.LifecycleBase.init(LifecycleBase.java:128)
		at org.apache.catalina.core.StandardServer.initInternal(StandardServer.java:962)
		at org.apache.catalina.util.LifecycleBase.init(LifecycleBase.java:128)
		at org.apache.catalina.startup.Catalina.load(Catalina.java:833)
		at org.apache.catalina.startup.Catalina.load(Catalina.java:858)
		at java.base/jdk.internal.reflect.DirectMethodHandleAccessor.invoke(DirectMethodHandleAccessor.java:103)
		at java.base/java.lang.reflect.Method.invoke(Method.java:580)
		at org.apache.catalina.startup.Bootstrap.load(Bootstrap.java:305)
		at org.apache.catalina.startup.Bootstrap.main(Bootstrap.java:484)
	Caused by: java.net.BindException: Address already in use: bind
		at java.base/sun.nio.ch.Net.bind0(Native Method)
		at java.base/sun.nio.ch.Net.bind(Net.java:565)
		at java.base/sun.nio.ch.ServerSocketChannelImpl.netBind(ServerSocketChannelImpl.java:344)
		at java.base/sun.nio.ch.ServerSocketChannelImpl.bind(ServerSocketChannelImpl.java:301)
		at org.apache.tomcat.util.net.NioEndpoint.initServerSocket(NioEndpoint.java:338)
		at org.apache.tomcat.util.net.NioEndpoint.bind(NioEndpoint.java:288)
		at org.apache.tomcat.util.net.AbstractEndpoint.bindWithCleanup(AbstractEndpoint.java:1921)
		at org.apache.tomcat.util.net.AbstractEndpoint.init(AbstractEndpoint.java:1939)
		at org.apache.coyote.AbstractProtocol.init(AbstractProtocol.java:958)
		at org.apache.coyote.http11.AbstractHttp11Protocol.init(AbstractHttp11Protocol.java:95)
		at org.apache.catalina.connector.Connector.initInternal(Connector.java:1273)
		... 11 more
24-Jun-2026 21:12:47.792 INFORMACIÓN [main] org.apache.catalina.startup.Catalina.load Server initialization in [495] milliseconds
24-Jun-2026 21:12:47.847 INFORMACIÓN [main] org.apache.catalina.core.StandardService.startInternal Arrancando servicio [Catalina]
24-Jun-2026 21:12:47.847 INFORMACIÓN [main] org.apache.catalina.core.StandardEngine.startInternal Starting Servlet engine: [Apache Tomcat/10.1.56]
24-Jun-2026 21:12:47.866 INFORMACIÓN [main] org.apache.catalina.startup.HostConfig.deployDirectory Desplegando el directorio [D:\Desktop\cowork\evidencias\july\signlearn-jdbc\tomcat\webapps\docs] de la aplicación web
24-Jun-2026 21:12:48.195 INFORMACIÓN [main] org.apache.catalina.startup.HostConfig.deployDirectory Deployment of web application directory [D:\Desktop\cowork\evidencias\july\signlearn-jdbc\tomcat\webapps\docs] has finished in [325] ms
24-Jun-2026 21:12:48.196 INFORMACIÓN [main] org.apache.catalina.startup.HostConfig.deployDirectory Desplegando el directorio [D:\Desktop\cowork\evidencias\july\signlearn-jdbc\tomcat\webapps\examples] de la aplicación web
24-Jun-2026 21:12:48.498 INFORMACIÓN [main] org.apache.catalina.startup.HostConfig.deployDirectory Deployment of web application directory [D:\Desktop\cowork\evidencias\july\signlearn-jdbc\tomcat\webapps\examples] has finished in [302] ms
24-Jun-2026 21:12:48.498 INFORMACIÓN [main] org.apache.catalina.startup.HostConfig.deployDirectory Desplegando el directorio [D:\Desktop\cowork\evidencias\july\signlearn-jdbc\tomcat\webapps\host-manager] de la aplicación web
24-Jun-2026 21:12:48.530 INFORMACIÓN [main] org.apache.catalina.startup.HostConfig.deployDirectory Deployment of web application directory [D:\Desktop\cowork\evidencias\july\signlearn-jdbc\tomcat\webapps\host-manager] has finished in [32] ms
24-Jun-2026 21:12:48.530 INFORMACIÓN [main] org.apache.catalina.startup.HostConfig.deployDirectory Desplegando el directorio [D:\Desktop\cowork\evidencias\july\signlearn-jdbc\tomcat\webapps\manager] de la aplicación web
24-Jun-2026 21:12:48.577 INFORMACIÓN [main] org.apache.catalina.startup.HostConfig.deployDirectory Deployment of web application directory [D:\Desktop\cowork\evidencias\july\signlearn-jdbc\tomcat\webapps\manager] has finished in [46] ms
24-Jun-2026 21:12:48.577 INFORMACIÓN [main] org.apache.catalina.startup.HostConfig.deployDirectory Desplegando el directorio [D:\Desktop\cowork\evidencias\july\signlearn-jdbc\tomcat\webapps\ROOT] de la aplicación web
24-Jun-2026 21:12:48.596 INFORMACIÓN [main] org.apache.catalina.startup.HostConfig.deployDirectory Deployment of web application directory [D:\Desktop\cowork\evidencias\july\signlearn-jdbc\tomcat\webapps\ROOT] has finished in [19] ms
24-Jun-2026 21:12:48.596 INFORMACIÓN [main] org.apache.catalina.startup.HostConfig.deployDirectory Desplegando el directorio [D:\Desktop\cowork\evidencias\july\signlearn-jdbc\tomcat\webapps\signlearn] de la aplicación web
24-Jun-2026 21:12:48.852 INFORMACIÓN [main] org.apache.jasper.servlet.TldScanner.scanJars Al menos un JAR, que se ha explorado buscando TLDs, aún no contenía TLDs. Activar historial de depuración para este historiador para una completa lista de los JARs que fueron explorados y de los que nos se halló TLDs. Saltarse JARs no necesarios durante la exploración puede dar lugar a una mejora de tiempo significativa en el arranque y compilación de JSP .
24-Jun-2026 21:12:48.852 INFORMACIÓN [main] org.apache.catalina.startup.HostConfig.deployDirectory Deployment of web application directory [D:\Desktop\cowork\evidencias\july\signlearn-jdbc\tomcat\webapps\signlearn] has finished in [256] ms
24-Jun-2026 21:12:48.869 INFORMACIÓN [main] org.apache.catalina.startup.Catalina.start Server startup in [1076] milliseconds
24-Jun-2026 21:12:48.869 GRAVE [main] org.apache.catalina.core.StandardServer.await Failed to create server shutdown socket on address [localhost] and port [8005] (base port [8005] and offset [0])
	java.net.BindException: Address already in use: bind
		at java.base/sun.nio.ch.Net.bind0(Native Method)
		at java.base/sun.nio.ch.Net.bind(Net.java:565)
		at java.base/sun.nio.ch.Net.bind(Net.java:554)
		at java.base/sun.nio.ch.NioSocketImpl.bind(NioSocketImpl.java:636)
		at java.base/java.net.ServerSocket.bind(ServerSocket.java:391)
		at java.base/java.net.ServerSocket.<init>(ServerSocket.java:278)
		at org.apache.catalina.core.StandardServer.await(StandardServer.java:536)
		at org.apache.catalina.startup.Catalina.await(Catalina.java:974)
		at org.apache.catalina.startup.Catalina.start(Catalina.java:922)
		at java.base/jdk.internal.reflect.DirectMethodHandleAccessor.invoke(DirectMethodHandleAccessor.java:103)
		at java.base/java.lang.reflect.Method.invoke(Method.java:580)
		at org.apache.catalina.startup.Bootstrap.start(Bootstrap.java:348)
		at org.apache.catalina.startup.Bootstrap.main(Bootstrap.java:485)
24-Jun-2026 21:12:48.880 INFORMACIÓN [main] org.apache.coyote.AbstractProtocol.pause Pausing ProtocolHandler ["http-nio-8080"]
24-Jun-2026 21:12:48.882 INFORMACIÓN [main] org.apache.catalina.core.StandardService.stopInternal Parando servicio [Catalina]
24-Jun-2026 21:12:48.906 INFORMACIÓN [main] org.apache.coyote.AbstractProtocol.stop Stopping ProtocolHandler ["http-nio-8080"]
24-Jun-2026 21:12:48.906 INFORMACIÓN [main] org.apache.coyote.AbstractProtocol.destroy Destroying ProtocolHandler ["http-nio-8080"]
24-Jun-2026 21:25:30.559 INFORMACIÓN [main] org.apache.catalina.core.StandardServer.await Se ha recibido un comando de apagado a través del puerto de apagado. Parando la instancia del Servidor.
24-Jun-2026 21:25:30.574 INFORMACIÓN [main] org.apache.coyote.AbstractProtocol.pause Pausing ProtocolHandler ["http-nio-8080"]
24-Jun-2026 21:25:30.585 INFORMACIÓN [main] org.apache.catalina.core.StandardService.stopInternal Parando servicio [Catalina]
24-Jun-2026 21:25:30.625 INFORMACIÓN [main] org.apache.coyote.AbstractProtocol.stop Stopping ProtocolHandler ["http-nio-8080"]
24-Jun-2026 21:25:30.644 INFORMACIÓN [main] org.apache.coyote.AbstractProtocol.destroy Destroying ProtocolHandler ["http-nio-8080"]
24-Jun-2026 21:25:34.624 INFORMACIÓN [main] org.apache.catalina.startup.VersionLoggerListener.log Nombre de la versión del servidor: Apache Tomcat/10.1.56
24-Jun-2026 21:25:34.624 INFORMACIÓN [main] org.apache.catalina.startup.VersionLoggerListener.log Server built:                      Jun 17 2026 23:33:08 UTC
24-Jun-2026 21:25:34.624 INFORMACIÓN [main] org.apache.catalina.startup.VersionLoggerListener.log Número de versión de servidor:     10.1.56.0
24-Jun-2026 21:25:34.624 INFORMACIÓN [main] org.apache.catalina.startup.VersionLoggerListener.log OS Name:                           Windows 11
24-Jun-2026 21:25:34.624 INFORMACIÓN [main] org.apache.catalina.startup.VersionLoggerListener.log Versión de Systema Operativo:      10.0
24-Jun-2026 21:25:34.624 INFORMACIÓN [main] org.apache.catalina.startup.VersionLoggerListener.log Arquitectura:                      amd64
24-Jun-2026 21:25:34.624 INFORMACIÓN [main] org.apache.catalina.startup.VersionLoggerListener.log Java Home:                         C:\Program Files\Eclipse Adoptium\jdk-21.0.7.6-hotspot
24-Jun-2026 21:25:34.624 INFORMACIÓN [main] org.apache.catalina.startup.VersionLoggerListener.log JVM Version:                       21.0.7+6-LTS
24-Jun-2026 21:25:34.624 INFORMACIÓN [main] org.apache.catalina.startup.VersionLoggerListener.log Vededor JVM:                       Eclipse Adoptium
24-Jun-2026 21:25:34.624 INFORMACIÓN [main] org.apache.catalina.startup.VersionLoggerListener.log CATALINA_BASE:                     D:\Desktop\cowork\evidencias\july\signlearn-jdbc\tomcat
24-Jun-2026 21:25:34.624 INFORMACIÓN [main] org.apache.catalina.startup.VersionLoggerListener.log CATALINA_HOME:                     D:\Desktop\cowork\evidencias\july\signlearn-jdbc\tomcat
24-Jun-2026 21:25:34.640 INFORMACIÓN [main] org.apache.catalina.startup.VersionLoggerListener.log Command line argument:             -Djava.util.logging.config.file=D:\Desktop\cowork\evidencias\july\signlearn-jdbc\tomcat\conf\logging.properties
24-Jun-2026 21:25:34.640 INFORMACIÓN [main] org.apache.catalina.startup.VersionLoggerListener.log Command line argument:             -Djava.util.logging.manager=org.apache.juli.ClassLoaderLogManager
24-Jun-2026 21:25:34.640 INFORMACIÓN [main] org.apache.catalina.startup.VersionLoggerListener.log Command line argument:             -Djdk.tls.ephemeralDHKeySize=2048
24-Jun-2026 21:25:34.640 INFORMACIÓN [main] org.apache.catalina.startup.VersionLoggerListener.log Command line argument:             -Djava.protocol.handler.pkgs=org.apache.catalina.webresources
24-Jun-2026 21:25:34.640 INFORMACIÓN [main] org.apache.catalina.startup.VersionLoggerListener.log Command line argument:             -Dsun.io.useCanonCaches=false
24-Jun-2026 21:25:34.640 INFORMACIÓN [main] org.apache.catalina.startup.VersionLoggerListener.log Command line argument:             --add-opens=java.base/java.lang=ALL-UNNAMED
24-Jun-2026 21:25:34.640 INFORMACIÓN [main] org.apache.catalina.startup.VersionLoggerListener.log Command line argument:             --add-opens=java.base/java.lang.reflect=ALL-UNNAMED
24-Jun-2026 21:25:34.640 INFORMACIÓN [main] org.apache.catalina.startup.VersionLoggerListener.log Command line argument:             --add-opens=java.base/java.io=ALL-UNNAMED
24-Jun-2026 21:25:34.640 INFORMACIÓN [main] org.apache.catalina.startup.VersionLoggerListener.log Command line argument:             --add-opens=java.base/java.util=ALL-UNNAMED
24-Jun-2026 21:25:34.640 INFORMACIÓN [main] org.apache.catalina.startup.VersionLoggerListener.log Command line argument:             --add-opens=java.base/java.util.concurrent=ALL-UNNAMED
24-Jun-2026 21:25:34.640 INFORMACIÓN [main] org.apache.catalina.startup.VersionLoggerListener.log Command line argument:             --add-opens=java.rmi/sun.rmi.transport=ALL-UNNAMED
24-Jun-2026 21:25:34.640 INFORMACIÓN [main] org.apache.catalina.startup.VersionLoggerListener.log Command line argument:             -Dcatalina.base=D:\Desktop\cowork\evidencias\july\signlearn-jdbc\tomcat
24-Jun-2026 21:25:34.640 INFORMACIÓN [main] org.apache.catalina.startup.VersionLoggerListener.log Command line argument:             -Dcatalina.home=D:\Desktop\cowork\evidencias\july\signlearn-jdbc\tomcat
24-Jun-2026 21:25:34.640 INFORMACIÓN [main] org.apache.catalina.startup.VersionLoggerListener.log Command line argument:             -Djava.io.tmpdir=D:\Desktop\cowork\evidencias\july\signlearn-jdbc\tomcat\temp
24-Jun-2026 21:25:34.640 INFORMACIÓN [main] org.apache.catalina.core.AprLifecycleListener.lifecycleEvent Cargada la biblioteca nativa APR de Apache Tomcat [2.0.15] con la versión APR [1.7.6].
24-Jun-2026 21:25:34.640 INFORMACIÓN [main] org.apache.catalina.core.AprLifecycleListener.initializeSSL OpenSSL inicializado correctamente [OpenSSL 3.5.7 9 Jun 2026]
24-Jun-2026 21:25:34.911 INFORMACIÓN [main] org.apache.coyote.AbstractProtocol.init Inicializando el manejador de protocolo ["http-nio-8080"]

24-Jun-2026 21:25:34.947 INFORMACIÓN [main] org.apache.catalina.startup.Catalina.load Server initialization in [538] milliseconds
24-Jun-2026 21:25:34.992 INFORMACIÓN [main] org.apache.catalina.core.StandardService.startInternal Arrancando servicio [Catalina]
24-Jun-2026 21:25:34.992 INFORMACIÓN [main] org.apache.catalina.core.StandardEngine.startInternal Starting Servlet engine: [Apache Tomcat/10.1.56]
24-Jun-2026 21:25:35.007 INFORMACIÓN [main] org.apache.catalina.startup.HostConfig.deployDirectory Desplegando el directorio [D:\Desktop\cowork\evidencias\july\signlearn-jdbc\tomcat\webapps\docs] de la aplicación web
24-Jun-2026 21:25:35.547 INFORMACIÓN [main] org.apache.jasper.servlet.TldScanner.scanJars Al menos un JAR, que se ha explorado buscando TLDs, aún no contenía TLDs. Activar historial de depuración para este historiador para una completa lista de los JARs que fueron explorados y de los que nos se halló TLDs. Saltarse JARs no necesarios durante la exploración puede dar lugar a una mejora de tiempo significativa en el arranque y compilación de JSP .
24-Jun-2026 21:25:35.610 INFORMACIÓN [main] org.apache.catalina.startup.HostConfig.deployDirectory Deployment of web application directory [D:\Desktop\cowork\evidencias\july\signlearn-jdbc\tomcat\webapps\docs] has finished in [603] ms
24-Jun-2026 21:25:35.610 INFORMACIÓN [main] org.apache.catalina.startup.HostConfig.deployDirectory Desplegando el directorio [D:\Desktop\cowork\evidencias\july\signlearn-jdbc\tomcat\webapps\examples] de la aplicación web
24-Jun-2026 21:25:36.060 INFORMACIÓN [main] org.apache.jasper.servlet.TldScanner.scanJars Al menos un JAR, que se ha explorado buscando TLDs, aún no contenía TLDs. Activar historial de depuración para este historiador para una completa lista de los JARs que fueron explorados y de los que nos se halló TLDs. Saltarse JARs no necesarios durante la exploración puede dar lugar a una mejora de tiempo significativa en el arranque y compilación de JSP .
24-Jun-2026 21:25:36.126 INFORMACIÓN [main] org.apache.catalina.startup.HostConfig.deployDirectory Deployment of web application directory [D:\Desktop\cowork\evidencias\july\signlearn-jdbc\tomcat\webapps\examples] has finished in [516] ms
24-Jun-2026 21:25:36.126 INFORMACIÓN [main] org.apache.catalina.startup.HostConfig.deployDirectory Desplegando el directorio [D:\Desktop\cowork\evidencias\july\signlearn-jdbc\tomcat\webapps\host-manager] de la aplicación web
24-Jun-2026 21:25:36.366 INFORMACIÓN [main] org.apache.jasper.servlet.TldScanner.scanJars Al menos un JAR, que se ha explorado buscando TLDs, aún no contenía TLDs. Activar historial de depuración para este historiador para una completa lista de los JARs que fueron explorados y de los que nos se halló TLDs. Saltarse JARs no necesarios durante la exploración puede dar lugar a una mejora de tiempo significativa en el arranque y compilación de JSP .
24-Jun-2026 21:25:36.374 INFORMACIÓN [main] org.apache.catalina.startup.HostConfig.deployDirectory Deployment of web application directory [D:\Desktop\cowork\evidencias\july\signlearn-jdbc\tomcat\webapps\host-manager] has finished in [248] ms
24-Jun-2026 21:25:36.377 INFORMACIÓN [main] org.apache.catalina.startup.HostConfig.deployDirectory Desplegando el directorio [D:\Desktop\cowork\evidencias\july\signlearn-jdbc\tomcat\webapps\manager] de la aplicación web
24-Jun-2026 21:25:36.580 INFORMACIÓN [main] org.apache.jasper.servlet.TldScanner.scanJars Al menos un JAR, que se ha explorado buscando TLDs, aún no contenía TLDs. Activar historial de depuración para este historiador para una completa lista de los JARs que fueron explorados y de los que nos se halló TLDs. Saltarse JARs no necesarios durante la exploración puede dar lugar a una mejora de tiempo significativa en el arranque y compilación de JSP .
24-Jun-2026 21:25:36.590 INFORMACIÓN [main] org.apache.catalina.startup.HostConfig.deployDirectory Deployment of web application directory [D:\Desktop\cowork\evidencias\july\signlearn-jdbc\tomcat\webapps\manager] has finished in [213] ms
24-Jun-2026 21:25:36.590 INFORMACIÓN [main] org.apache.catalina.startup.HostConfig.deployDirectory Desplegando el directorio [D:\Desktop\cowork\evidencias\july\signlearn-jdbc\tomcat\webapps\ROOT] de la aplicación web
24-Jun-2026 21:25:36.787 INFORMACIÓN [main] org.apache.jasper.servlet.TldScanner.scanJars Al menos un JAR, que se ha explorado buscando TLDs, aún no contenía TLDs. Activar historial de depuración para este historiador para una completa lista de los JARs que fueron explorados y de los que nos se halló TLDs. Saltarse JARs no necesarios durante la exploración puede dar lugar a una mejora de tiempo significativa en el arranque y compilación de JSP .
24-Jun-2026 21:25:36.787 INFORMACIÓN [main] org.apache.catalina.startup.HostConfig.deployDirectory Deployment of web application directory [D:\Desktop\cowork\evidencias\july\signlearn-jdbc\tomcat\webapps\ROOT] has finished in [197] ms
24-Jun-2026 21:25:36.787 INFORMACIÓN [main] org.apache.catalina.startup.HostConfig.deployDirectory Desplegando el directorio [D:\Desktop\cowork\evidencias\july\signlearn-jdbc\tomcat\webapps\signlearn] de la aplicación web
24-Jun-2026 21:25:37.057 INFORMACIÓN [main] org.apache.jasper.servlet.TldScanner.scanJars Al menos un JAR, que se ha explorado buscando TLDs, aún no contenía TLDs. Activar historial de depuración para este historiador para una completa lista de los JARs que fueron explorados y de los que nos se halló TLDs. Saltarse JARs no necesarios durante la exploración puede dar lugar a una mejora de tiempo significativa en el arranque y compilación de JSP .
24-Jun-2026 21:25:37.065 INFORMACIÓN [main] org.apache.catalina.startup.HostConfig.deployDirectory Deployment of web application directory [D:\Desktop\cowork\evidencias\july\signlearn-jdbc\tomcat\webapps\signlearn] has finished in [271] ms
24-Jun-2026 21:25:37.068 INFORMACIÓN [main] org.apache.coyote.AbstractProtocol.start Starting ProtocolHandler ["http-nio-8080"]
24-Jun-2026 21:25:37.089 INFORMACIÓN [main] org.apache.catalina.startup.Catalina.start Server startup in [2138] milliseconds
24-Jun-2026 21:28:40.484 INFORMACIÓN [main] org.apache.catalina.core.StandardServer.await Se ha recibido un comando de apagado a través del puerto de apagado. Parando la instancia del Servidor.
24-Jun-2026 21:28:40.486 INFORMACIÓN [main] org.apache.coyote.AbstractProtocol.pause Pausing ProtocolHandler ["http-nio-8080"]
24-Jun-2026 21:28:40.498 INFORMACIÓN [main] org.apache.catalina.core.StandardService.stopInternal Parando servicio [Catalina]
24-Jun-2026 21:28:40.541 ADVERTENCIA [main] org.apache.catalina.loader.WebappClassLoaderBase.clearReferencesJdbc La aplicación web [signlearn] registró el conductor JDBC [com.mysql.cj.jdbc.Driver] pero falló al anular el registro mientras la aplicación web estaba parada. Para prevenir un fallo de memoria, se ha anulado el registro del conductor JDBC por la fuerza.
24-Jun-2026 21:28:40.541 ADVERTENCIA [main] org.apache.catalina.loader.WebappClassLoaderBase.clearReferencesThreads The web application [signlearn] appears to have started a thread named [mysql-cj-abandoned-connection-cleanup] but has failed to stop it. This is very likely to create a memory leak. Stack trace of thread:
 java.base/jdk.internal.misc.Unsafe.park(Native Method)
 java.base/java.util.concurrent.locks.LockSupport.parkNanos(LockSupport.java:269)
 java.base/java.util.concurrent.locks.AbstractQueuedSynchronizer$ConditionObject.await(AbstractQueuedSynchronizer.java:1852)
 java.base/java.lang.ref.ReferenceQueue.await(ReferenceQueue.java:71)
 java.base/java.lang.ref.ReferenceQueue.remove0(ReferenceQueue.java:143)
 java.base/java.lang.ref.ReferenceQueue.remove(ReferenceQueue.java:218)
 com.mysql.cj.jdbc.AbandonedConnectionCleanupThread.run(AbandonedConnectionCleanupThread.java:84)
 java.base/java.util.concurrent.ThreadPoolExecutor.runWorker(ThreadPoolExecutor.java:1144)
 java.base/java.util.concurrent.ThreadPoolExecutor$Worker.run(ThreadPoolExecutor.java:642)
 java.base/java.lang.Thread.run(Thread.java:1583)
24-Jun-2026 21:28:40.565 INFORMACIÓN [main] org.apache.coyote.AbstractProtocol.stop Stopping ProtocolHandler ["http-nio-8080"]
24-Jun-2026 21:28:40.573 INFORMACIÓN [main] org.apache.coyote.AbstractProtocol.destroy Destroying ProtocolHandler ["http-nio-8080"]
24-Jun-2026 21:28:46.924 INFORMACIÓN [main] org.apache.catalina.startup.VersionLoggerListener.log Nombre de la versión del servidor: Apache Tomcat/10.1.56
24-Jun-2026 21:28:46.930 INFORMACIÓN [main] org.apache.catalina.startup.VersionLoggerListener.log Server built:                      Jun 17 2026 23:33:08 UTC
24-Jun-2026 21:28:46.934 INFORMACIÓN [main] org.apache.catalina.startup.VersionLoggerListener.log Número de versión de servidor:     10.1.56.0
24-Jun-2026 21:28:46.934 INFORMACIÓN [main] org.apache.catalina.startup.VersionLoggerListener.log OS Name:                           Windows 11
24-Jun-2026 21:28:46.934 INFORMACIÓN [main] org.apache.catalina.startup.VersionLoggerListener.log Versión de Systema Operativo:      10.0
24-Jun-2026 21:28:46.934 INFORMACIÓN [main] org.apache.catalina.startup.VersionLoggerListener.log Arquitectura:                      amd64
24-Jun-2026 21:28:46.934 INFORMACIÓN [main] org.apache.catalina.startup.VersionLoggerListener.log Java Home:                         C:\Program Files\Eclipse Adoptium\jdk-21.0.7.6-hotspot
24-Jun-2026 21:28:46.934 INFORMACIÓN [main] org.apache.catalina.startup.VersionLoggerListener.log JVM Version:                       21.0.7+6-LTS
24-Jun-2026 21:28:46.934 INFORMACIÓN [main] org.apache.catalina.startup.VersionLoggerListener.log Vededor JVM:                       Eclipse Adoptium
24-Jun-2026 21:28:46.934 INFORMACIÓN [main] org.apache.catalina.startup.VersionLoggerListener.log CATALINA_BASE:                     D:\Desktop\cowork\evidencias\july\signlearn-jdbc\tomcat
24-Jun-2026 21:28:46.934 INFORMACIÓN [main] org.apache.catalina.startup.VersionLoggerListener.log CATALINA_HOME:                     D:\Desktop\cowork\evidencias\july\signlearn-jdbc\tomcat
24-Jun-2026 21:28:46.949 INFORMACIÓN [main] org.apache.catalina.startup.VersionLoggerListener.log Command line argument:             -Djava.util.logging.config.file=D:\Desktop\cowork\evidencias\july\signlearn-jdbc\tomcat\conf\logging.properties
24-Jun-2026 21:28:46.950 INFORMACIÓN [main] org.apache.catalina.startup.VersionLoggerListener.log Command line argument:             -Djava.util.logging.manager=org.apache.juli.ClassLoaderLogManager
24-Jun-2026 21:28:46.950 INFORMACIÓN [main] org.apache.catalina.startup.VersionLoggerListener.log Command line argument:             -Djdk.tls.ephemeralDHKeySize=2048
24-Jun-2026 21:28:46.950 INFORMACIÓN [main] org.apache.catalina.startup.VersionLoggerListener.log Command line argument:             -Djava.protocol.handler.pkgs=org.apache.catalina.webresources
24-Jun-2026 21:28:46.950 INFORMACIÓN [main] org.apache.catalina.startup.VersionLoggerListener.log Command line argument:             -Dsun.io.useCanonCaches=false
24-Jun-2026 21:28:46.950 INFORMACIÓN [main] org.apache.catalina.startup.VersionLoggerListener.log Command line argument:             --add-opens=java.base/java.lang=ALL-UNNAMED
24-Jun-2026 21:28:46.951 INFORMACIÓN [main] org.apache.catalina.startup.VersionLoggerListener.log Command line argument:             --add-opens=java.base/java.lang.reflect=ALL-UNNAMED
24-Jun-2026 21:28:46.951 INFORMACIÓN [main] org.apache.catalina.startup.VersionLoggerListener.log Command line argument:             --add-opens=java.base/java.io=ALL-UNNAMED
24-Jun-2026 21:28:46.951 INFORMACIÓN [main] org.apache.catalina.startup.VersionLoggerListener.log Command line argument:             --add-opens=java.base/java.util=ALL-UNNAMED
24-Jun-2026 21:28:46.952 INFORMACIÓN [main] org.apache.catalina.startup.VersionLoggerListener.log Command line argument:             --add-opens=java.base/java.util.concurrent=ALL-UNNAMED
24-Jun-2026 21:28:46.952 INFORMACIÓN [main] org.apache.catalina.startup.VersionLoggerListener.log Command line argument:             --add-opens=java.rmi/sun.rmi.transport=ALL-UNNAMED
24-Jun-2026 21:28:46.952 INFORMACIÓN [main] org.apache.catalina.startup.VersionLoggerListener.log Command line argument:             -Dcatalina.base=D:\Desktop\cowork\evidencias\july\signlearn-jdbc\tomcat
24-Jun-2026 21:28:46.952 INFORMACIÓN [main] org.apache.catalina.startup.VersionLoggerListener.log Command line argument:             -Dcatalina.home=D:\Desktop\cowork\evidencias\july\signlearn-jdbc\tomcat
24-Jun-2026 21:28:46.952 INFORMACIÓN [main] org.apache.catalina.startup.VersionLoggerListener.log Command line argument:             -Djava.io.tmpdir=D:\Desktop\cowork\evidencias\july\signlearn-jdbc\tomcat\temp
24-Jun-2026 21:28:46.954 INFORMACIÓN [main] org.apache.catalina.core.AprLifecycleListener.lifecycleEvent Cargada la biblioteca nativa APR de Apache Tomcat [2.0.15] con la versión APR [1.7.6].
24-Jun-2026 21:28:46.954 INFORMACIÓN [main] org.apache.catalina.core.AprLifecycleListener.initializeSSL OpenSSL inicializado correctamente [OpenSSL 3.5.7 9 Jun 2026]
24-Jun-2026 21:28:47.314 INFORMACIÓN [main] org.apache.coyote.AbstractProtocol.init Inicializando el manejador de protocolo ["http-nio-8080"]

24-Jun-2026 21:28:47.350 INFORMACIÓN [main] org.apache.catalina.startup.Catalina.load Server initialization in [681] milliseconds
24-Jun-2026 21:28:47.432 INFORMACIÓN [main] org.apache.catalina.core.StandardService.startInternal Arrancando servicio [Catalina]
24-Jun-2026 21:28:47.432 INFORMACIÓN [main] org.apache.catalina.core.StandardEngine.startInternal Starting Servlet engine: [Apache Tomcat/10.1.56]
24-Jun-2026 21:28:47.445 INFORMACIÓN [main] org.apache.catalina.startup.HostConfig.deployDirectory Desplegando el directorio [D:\Desktop\cowork\evidencias\july\signlearn-jdbc\tomcat\webapps\docs] de la aplicación web
24-Jun-2026 21:28:48.186 INFORMACIÓN [main] org.apache.jasper.servlet.TldScanner.scanJars Al menos un JAR, que se ha explorado buscando TLDs, aún no contenía TLDs. Activar historial de depuración para este historiador para una completa lista de los JARs que fueron explorados y de los que nos se halló TLDs. Saltarse JARs no necesarios durante la exploración puede dar lugar a una mejora de tiempo significativa en el arranque y compilación de JSP .
24-Jun-2026 21:28:48.250 INFORMACIÓN [main] org.apache.catalina.startup.HostConfig.deployDirectory Deployment of web application directory [D:\Desktop\cowork\evidencias\july\signlearn-jdbc\tomcat\webapps\docs] has finished in [805] ms
24-Jun-2026 21:28:48.250 INFORMACIÓN [main] org.apache.catalina.startup.HostConfig.deployDirectory Desplegando el directorio [D:\Desktop\cowork\evidencias\july\signlearn-jdbc\tomcat\webapps\examples] de la aplicación web
24-Jun-2026 21:28:48.822 INFORMACIÓN [main] org.apache.jasper.servlet.TldScanner.scanJars Al menos un JAR, que se ha explorado buscando TLDs, aún no contenía TLDs. Activar historial de depuración para este historiador para una completa lista de los JARs que fueron explorados y de los que nos se halló TLDs. Saltarse JARs no necesarios durante la exploración puede dar lugar a una mejora de tiempo significativa en el arranque y compilación de JSP .
24-Jun-2026 21:28:48.895 INFORMACIÓN [main] org.apache.catalina.startup.HostConfig.deployDirectory Deployment of web application directory [D:\Desktop\cowork\evidencias\july\signlearn-jdbc\tomcat\webapps\examples] has finished in [645] ms
24-Jun-2026 21:28:48.895 INFORMACIÓN [main] org.apache.catalina.startup.HostConfig.deployDirectory Desplegando el directorio [D:\Desktop\cowork\evidencias\july\signlearn-jdbc\tomcat\webapps\host-manager] de la aplicación web
24-Jun-2026 21:28:49.145 INFORMACIÓN [main] org.apache.jasper.servlet.TldScanner.scanJars Al menos un JAR, que se ha explorado buscando TLDs, aún no contenía TLDs. Activar historial de depuración para este historiador para una completa lista de los JARs que fueron explorados y de los que nos se halló TLDs. Saltarse JARs no necesarios durante la exploración puede dar lugar a una mejora de tiempo significativa en el arranque y compilación de JSP .
24-Jun-2026 21:28:49.155 INFORMACIÓN [main] org.apache.catalina.startup.HostConfig.deployDirectory Deployment of web application directory [D:\Desktop\cowork\evidencias\july\signlearn-jdbc\tomcat\webapps\host-manager] has finished in [260] ms
24-Jun-2026 21:28:49.155 INFORMACIÓN [main] org.apache.catalina.startup.HostConfig.deployDirectory Desplegando el directorio [D:\Desktop\cowork\evidencias\july\signlearn-jdbc\tomcat\webapps\manager] de la aplicación web
24-Jun-2026 21:28:49.420 INFORMACIÓN [main] org.apache.jasper.servlet.TldScanner.scanJars Al menos un JAR, que se ha explorado buscando TLDs, aún no contenía TLDs. Activar historial de depuración para este historiador para una completa lista de los JARs que fueron explorados y de los que nos se halló TLDs. Saltarse JARs no necesarios durante la exploración puede dar lugar a una mejora de tiempo significativa en el arranque y compilación de JSP .
24-Jun-2026 21:28:49.426 INFORMACIÓN [main] org.apache.catalina.startup.HostConfig.deployDirectory Deployment of web application directory [D:\Desktop\cowork\evidencias\july\signlearn-jdbc\tomcat\webapps\manager] has finished in [271] ms
24-Jun-2026 21:28:49.426 INFORMACIÓN [main] org.apache.catalina.startup.HostConfig.deployDirectory Desplegando el directorio [D:\Desktop\cowork\evidencias\july\signlearn-jdbc\tomcat\webapps\ROOT] de la aplicación web
24-Jun-2026 21:28:49.671 INFORMACIÓN [main] org.apache.jasper.servlet.TldScanner.scanJars Al menos un JAR, que se ha explorado buscando TLDs, aún no contenía TLDs. Activar historial de depuración para este historiador para una completa lista de los JARs que fueron explorados y de los que nos se halló TLDs. Saltarse JARs no necesarios durante la exploración puede dar lugar a una mejora de tiempo significativa en el arranque y compilación de JSP .
24-Jun-2026 21:28:49.674 INFORMACIÓN [main] org.apache.catalina.startup.HostConfig.deployDirectory Deployment of web application directory [D:\Desktop\cowork\evidencias\july\signlearn-jdbc\tomcat\webapps\ROOT] has finished in [245] ms
24-Jun-2026 21:28:49.674 INFORMACIÓN [main] org.apache.catalina.startup.HostConfig.deployDirectory Desplegando el directorio [D:\Desktop\cowork\evidencias\july\signlearn-jdbc\tomcat\webapps\signlearn] de la aplicación web
24-Jun-2026 21:28:50.022 INFORMACIÓN [main] org.apache.jasper.servlet.TldScanner.scanJars Al menos un JAR, que se ha explorado buscando TLDs, aún no contenía TLDs. Activar historial de depuración para este historiador para una completa lista de los JARs que fueron explorados y de los que nos se halló TLDs. Saltarse JARs no necesarios durante la exploración puede dar lugar a una mejora de tiempo significativa en el arranque y compilación de JSP .
24-Jun-2026 21:28:50.027 INFORMACIÓN [main] org.apache.catalina.startup.HostConfig.deployDirectory Deployment of web application directory [D:\Desktop\cowork\evidencias\july\signlearn-jdbc\tomcat\webapps\signlearn] has finished in [353] ms
24-Jun-2026 21:28:50.033 INFORMACIÓN [main] org.apache.coyote.AbstractProtocol.start Starting ProtocolHandler ["http-nio-8080"]
24-Jun-2026 21:28:50.065 INFORMACIÓN [main] org.apache.catalina.startup.Catalina.start Server startup in [2713] milliseconds
24-Jun-2026 21:40:04.261 INFORMACIÓN [main] org.apache.catalina.core.StandardServer.await Se ha recibido un comando de apagado a través del puerto de apagado. Parando la instancia del Servidor.
24-Jun-2026 21:40:04.262 INFORMACIÓN [main] org.apache.coyote.AbstractProtocol.pause Pausing ProtocolHandler ["http-nio-8080"]
24-Jun-2026 21:40:04.279 INFORMACIÓN [main] org.apache.catalina.core.StandardService.stopInternal Parando servicio [Catalina]
24-Jun-2026 21:40:04.368 ADVERTENCIA [main] org.apache.catalina.loader.WebappClassLoaderBase.clearReferencesThreads The web application [signlearn] appears to have started a thread named [mysql-cj-abandoned-connection-cleanup] but has failed to stop it. This is very likely to create a memory leak. Stack trace of thread:
 java.base/java.io.WinNTFileSystem.canonicalize0(Native Method)
 java.base/java.io.WinNTFileSystem.canonicalize(WinNTFileSystem.java:463)
 java.base/java.io.File.getCanonicalPath(File.java:626)
 org.apache.catalina.webresources.AbstractFileResourceSet.file(AbstractFileResourceSet.java:135)
 org.apache.catalina.webresources.DirResourceSet.getResource(DirResourceSet.java:114)
 org.apache.catalina.webresources.StandardRoot.getResourceInternal(StandardRoot.java:297)
 org.apache.catalina.webresources.CachedResource.validateResource(CachedResource.java:125)
 org.apache.catalina.webresources.Cache.getResource(Cache.java:114)
 org.apache.catalina.webresources.StandardRoot.getResource(StandardRoot.java:229)
 org.apache.catalina.webresources.StandardRoot.getClassLoaderResource(StandardRoot.java:238)
 org.apache.catalina.loader.WebappClassLoaderBase.findResource(WebappClassLoaderBase.java:958)
 org.apache.catalina.loader.WebappClassLoaderBase.getResource(WebappClassLoaderBase.java:1084)
 com.mysql.cj.jdbc.AbandonedConnectionCleanupThread.checkThreadContextClassLoader(AbandonedConnectionCleanupThread.java:116)
 com.mysql.cj.jdbc.AbandonedConnectionCleanupThread.run(AbandonedConnectionCleanupThread.java:83)
 java.base/java.util.concurrent.ThreadPoolExecutor.runWorker(ThreadPoolExecutor.java:1144)
 java.base/java.util.concurrent.ThreadPoolExecutor$Worker.run(ThreadPoolExecutor.java:642)
 java.base/java.lang.Thread.run(Thread.java:1583)
24-Jun-2026 21:40:04.391 INFORMACIÓN [main] org.apache.coyote.AbstractProtocol.stop Stopping ProtocolHandler ["http-nio-8080"]
24-Jun-2026 21:40:04.408 INFORMACIÓN [main] org.apache.coyote.AbstractProtocol.destroy Destroying ProtocolHandler ["http-nio-8080"]
24-Jun-2026 21:40:10.511 INFORMACIÓN [main] org.apache.catalina.startup.VersionLoggerListener.log Nombre de la versión del servidor: Apache Tomcat/10.1.56
24-Jun-2026 21:40:10.524 INFORMACIÓN [main] org.apache.catalina.startup.VersionLoggerListener.log Server built:                      Jun 17 2026 23:33:08 UTC
24-Jun-2026 21:40:10.524 INFORMACIÓN [main] org.apache.catalina.startup.VersionLoggerListener.log Número de versión de servidor:     10.1.56.0
24-Jun-2026 21:40:10.524 INFORMACIÓN [main] org.apache.catalina.startup.VersionLoggerListener.log OS Name:                           Windows 11
24-Jun-2026 21:40:10.524 INFORMACIÓN [main] org.apache.catalina.startup.VersionLoggerListener.log Versión de Systema Operativo:      10.0
24-Jun-2026 21:40:10.524 INFORMACIÓN [main] org.apache.catalina.startup.VersionLoggerListener.log Arquitectura:                      amd64
24-Jun-2026 21:40:10.527 INFORMACIÓN [main] org.apache.catalina.startup.VersionLoggerListener.log Java Home:                         C:\Program Files\Eclipse Adoptium\jdk-21.0.7.6-hotspot
24-Jun-2026 21:40:10.527 INFORMACIÓN [main] org.apache.catalina.startup.VersionLoggerListener.log JVM Version:                       21.0.7+6-LTS
24-Jun-2026 21:40:10.528 INFORMACIÓN [main] org.apache.catalina.startup.VersionLoggerListener.log Vededor JVM:                       Eclipse Adoptium
24-Jun-2026 21:40:10.528 INFORMACIÓN [main] org.apache.catalina.startup.VersionLoggerListener.log CATALINA_BASE:                     D:\Desktop\cowork\evidencias\july\signlearn-jdbc\tomcat
24-Jun-2026 21:40:10.528 INFORMACIÓN [main] org.apache.catalina.startup.VersionLoggerListener.log CATALINA_HOME:                     D:\Desktop\cowork\evidencias\july\signlearn-jdbc\tomcat
24-Jun-2026 21:40:10.539 INFORMACIÓN [main] org.apache.catalina.startup.VersionLoggerListener.log Command line argument:             -Djava.util.logging.config.file=D:\Desktop\cowork\evidencias\july\signlearn-jdbc\tomcat\conf\logging.properties
24-Jun-2026 21:40:10.539 INFORMACIÓN [main] org.apache.catalina.startup.VersionLoggerListener.log Command line argument:             -Djava.util.logging.manager=org.apache.juli.ClassLoaderLogManager
24-Jun-2026 21:40:10.539 INFORMACIÓN [main] org.apache.catalina.startup.VersionLoggerListener.log Command line argument:             -Djdk.tls.ephemeralDHKeySize=2048
24-Jun-2026 21:40:10.539 INFORMACIÓN [main] org.apache.catalina.startup.VersionLoggerListener.log Command line argument:             -Djava.protocol.handler.pkgs=org.apache.catalina.webresources
24-Jun-2026 21:40:10.539 INFORMACIÓN [main] org.apache.catalina.startup.VersionLoggerListener.log Command line argument:             -Dsun.io.useCanonCaches=false
24-Jun-2026 21:40:10.539 INFORMACIÓN [main] org.apache.catalina.startup.VersionLoggerListener.log Command line argument:             --add-opens=java.base/java.lang=ALL-UNNAMED
24-Jun-2026 21:40:10.539 INFORMACIÓN [main] org.apache.catalina.startup.VersionLoggerListener.log Command line argument:             --add-opens=java.base/java.lang.reflect=ALL-UNNAMED
24-Jun-2026 21:40:10.539 INFORMACIÓN [main] org.apache.catalina.startup.VersionLoggerListener.log Command line argument:             --add-opens=java.base/java.io=ALL-UNNAMED
24-Jun-2026 21:40:10.539 INFORMACIÓN [main] org.apache.catalina.startup.VersionLoggerListener.log Command line argument:             --add-opens=java.base/java.util=ALL-UNNAMED
24-Jun-2026 21:40:10.539 INFORMACIÓN [main] org.apache.catalina.startup.VersionLoggerListener.log Command line argument:             --add-opens=java.base/java.util.concurrent=ALL-UNNAMED
24-Jun-2026 21:40:10.539 INFORMACIÓN [main] org.apache.catalina.startup.VersionLoggerListener.log Command line argument:             --add-opens=java.rmi/sun.rmi.transport=ALL-UNNAMED
24-Jun-2026 21:40:10.539 INFORMACIÓN [main] org.apache.catalina.startup.VersionLoggerListener.log Command line argument:             -Dcatalina.base=D:\Desktop\cowork\evidencias\july\signlearn-jdbc\tomcat
24-Jun-2026 21:40:10.539 INFORMACIÓN [main] org.apache.catalina.startup.VersionLoggerListener.log Command line argument:             -Dcatalina.home=D:\Desktop\cowork\evidencias\july\signlearn-jdbc\tomcat
24-Jun-2026 21:40:10.539 INFORMACIÓN [main] org.apache.catalina.startup.VersionLoggerListener.log Command line argument:             -Djava.io.tmpdir=D:\Desktop\cowork\evidencias\july\signlearn-jdbc\tomcat\temp
24-Jun-2026 21:40:10.539 INFORMACIÓN [main] org.apache.catalina.core.AprLifecycleListener.lifecycleEvent Cargada la biblioteca nativa APR de Apache Tomcat [2.0.15] con la versión APR [1.7.6].
24-Jun-2026 21:40:10.539 INFORMACIÓN [main] org.apache.catalina.core.AprLifecycleListener.initializeSSL OpenSSL inicializado correctamente [OpenSSL 3.5.7 9 Jun 2026]
24-Jun-2026 21:40:10.926 INFORMACIÓN [main] org.apache.coyote.AbstractProtocol.init Inicializando el manejador de protocolo ["http-nio-8080"]

24-Jun-2026 21:40:10.953 INFORMACIÓN [main] org.apache.catalina.startup.Catalina.load Server initialization in [683] milliseconds
24-Jun-2026 21:40:11.027 INFORMACIÓN [main] org.apache.catalina.core.StandardService.startInternal Arrancando servicio [Catalina]
24-Jun-2026 21:40:11.027 INFORMACIÓN [main] org.apache.catalina.core.StandardEngine.startInternal Starting Servlet engine: [Apache Tomcat/10.1.56]
24-Jun-2026 21:40:11.045 INFORMACIÓN [main] org.apache.catalina.startup.HostConfig.deployDirectory Desplegando el directorio [D:\Desktop\cowork\evidencias\july\signlearn-jdbc\tomcat\webapps\docs] de la aplicación web
24-Jun-2026 21:40:11.787 INFORMACIÓN [main] org.apache.jasper.servlet.TldScanner.scanJars Al menos un JAR, que se ha explorado buscando TLDs, aún no contenía TLDs. Activar historial de depuración para este historiador para una completa lista de los JARs que fueron explorados y de los que nos se halló TLDs. Saltarse JARs no necesarios durante la exploración puede dar lugar a una mejora de tiempo significativa en el arranque y compilación de JSP .
24-Jun-2026 21:40:11.850 INFORMACIÓN [main] org.apache.catalina.startup.HostConfig.deployDirectory Deployment of web application directory [D:\Desktop\cowork\evidencias\july\signlearn-jdbc\tomcat\webapps\docs] has finished in [805] ms
24-Jun-2026 21:40:11.850 INFORMACIÓN [main] org.apache.catalina.startup.HostConfig.deployDirectory Desplegando el directorio [D:\Desktop\cowork\evidencias\july\signlearn-jdbc\tomcat\webapps\examples] de la aplicación web
24-Jun-2026 21:40:12.429 INFORMACIÓN [main] org.apache.jasper.servlet.TldScanner.scanJars Al menos un JAR, que se ha explorado buscando TLDs, aún no contenía TLDs. Activar historial de depuración para este historiador para una completa lista de los JARs que fueron explorados y de los que nos se halló TLDs. Saltarse JARs no necesarios durante la exploración puede dar lugar a una mejora de tiempo significativa en el arranque y compilación de JSP .
24-Jun-2026 21:40:12.497 INFORMACIÓN [main] org.apache.catalina.startup.HostConfig.deployDirectory Deployment of web application directory [D:\Desktop\cowork\evidencias\july\signlearn-jdbc\tomcat\webapps\examples] has finished in [647] ms
24-Jun-2026 21:40:12.497 INFORMACIÓN [main] org.apache.catalina.startup.HostConfig.deployDirectory Desplegando el directorio [D:\Desktop\cowork\evidencias\july\signlearn-jdbc\tomcat\webapps\host-manager] de la aplicación web
24-Jun-2026 21:40:12.792 INFORMACIÓN [main] org.apache.jasper.servlet.TldScanner.scanJars Al menos un JAR, que se ha explorado buscando TLDs, aún no contenía TLDs. Activar historial de depuración para este historiador para una completa lista de los JARs que fueron explorados y de los que nos se halló TLDs. Saltarse JARs no necesarios durante la exploración puede dar lugar a una mejora de tiempo significativa en el arranque y compilación de JSP .
24-Jun-2026 21:40:12.812 INFORMACIÓN [main] org.apache.catalina.startup.HostConfig.deployDirectory Deployment of web application directory [D:\Desktop\cowork\evidencias\july\signlearn-jdbc\tomcat\webapps\host-manager] has finished in [315] ms
24-Jun-2026 21:40:12.812 INFORMACIÓN [main] org.apache.catalina.startup.HostConfig.deployDirectory Desplegando el directorio [D:\Desktop\cowork\evidencias\july\signlearn-jdbc\tomcat\webapps\manager] de la aplicación web
24-Jun-2026 21:40:13.081 INFORMACIÓN [main] org.apache.jasper.servlet.TldScanner.scanJars Al menos un JAR, que se ha explorado buscando TLDs, aún no contenía TLDs. Activar historial de depuración para este historiador para una completa lista de los JARs que fueron explorados y de los que nos se halló TLDs. Saltarse JARs no necesarios durante la exploración puede dar lugar a una mejora de tiempo significativa en el arranque y compilación de JSP .
24-Jun-2026 21:40:13.096 INFORMACIÓN [main] org.apache.catalina.startup.HostConfig.deployDirectory Deployment of web application directory [D:\Desktop\cowork\evidencias\july\signlearn-jdbc\tomcat\webapps\manager] has finished in [284] ms
24-Jun-2026 21:40:13.096 INFORMACIÓN [main] org.apache.catalina.startup.HostConfig.deployDirectory Desplegando el directorio [D:\Desktop\cowork\evidencias\july\signlearn-jdbc\tomcat\webapps\ROOT] de la aplicación web
24-Jun-2026 21:40:13.384 INFORMACIÓN [main] org.apache.jasper.servlet.TldScanner.scanJars Al menos un JAR, que se ha explorado buscando TLDs, aún no contenía TLDs. Activar historial de depuración para este historiador para una completa lista de los JARs que fueron explorados y de los que nos se halló TLDs. Saltarse JARs no necesarios durante la exploración puede dar lugar a una mejora de tiempo significativa en el arranque y compilación de JSP .
24-Jun-2026 21:40:13.390 INFORMACIÓN [main] org.apache.catalina.startup.HostConfig.deployDirectory Deployment of web application directory [D:\Desktop\cowork\evidencias\july\signlearn-jdbc\tomcat\webapps\ROOT] has finished in [292] ms
24-Jun-2026 21:40:13.390 INFORMACIÓN [main] org.apache.catalina.startup.HostConfig.deployDirectory Desplegando el directorio [D:\Desktop\cowork\evidencias\july\signlearn-jdbc\tomcat\webapps\signlearn] de la aplicación web
24-Jun-2026 21:40:13.734 INFORMACIÓN [main] org.apache.jasper.servlet.TldScanner.scanJars Al menos un JAR, que se ha explorado buscando TLDs, aún no contenía TLDs. Activar historial de depuración para este historiador para una completa lista de los JARs que fueron explorados y de los que nos se halló TLDs. Saltarse JARs no necesarios durante la exploración puede dar lugar a una mejora de tiempo significativa en el arranque y compilación de JSP .
24-Jun-2026 21:40:13.741 INFORMACIÓN [main] org.apache.catalina.startup.HostConfig.deployDirectory Deployment of web application directory [D:\Desktop\cowork\evidencias\july\signlearn-jdbc\tomcat\webapps\signlearn] has finished in [351] ms
24-Jun-2026 21:40:13.741 INFORMACIÓN [main] org.apache.coyote.AbstractProtocol.start Starting ProtocolHandler ["http-nio-8080"]
24-Jun-2026 21:40:13.767 INFORMACIÓN [main] org.apache.catalina.startup.Catalina.start Server startup in [2822] milliseconds
24-Jun-2026 22:27:49.329 INFORMACIÓN [Thread-1] org.apache.coyote.AbstractProtocol.pause Pausing ProtocolHandler ["http-nio-8080"]
24-Jun-2026 22:27:49.347 INFORMACIÓN [Thread-1] org.apache.catalina.core.StandardService.stopInternal Parando servicio [Catalina]
24-Jun-2026 22:27:49.390 ADVERTENCIA [Thread-1] org.apache.catalina.loader.WebappClassLoaderBase.clearReferencesJdbc La aplicación web [signlearn] registró el conductor JDBC [com.mysql.cj.jdbc.Driver] pero falló al anular el registro mientras la aplicación web estaba parada. Para prevenir un fallo de memoria, se ha anulado el registro del conductor JDBC por la fuerza.
24-Jun-2026 22:27:49.390 ADVERTENCIA [Thread-1] org.apache.catalina.loader.WebappClassLoaderBase.clearReferencesThreads The web application [signlearn] appears to have started a thread named [mysql-cj-abandoned-connection-cleanup] but has failed to stop it. This is very likely to create a memory leak. Stack trace of thread:
 java.base/jdk.internal.misc.Unsafe.park(Native Method)
 java.base/java.util.concurrent.locks.LockSupport.parkNanos(LockSupport.java:269)
 java.base/java.util.concurrent.locks.AbstractQueuedSynchronizer$ConditionObject.await(AbstractQueuedSynchronizer.java:1852)
 java.base/java.lang.ref.ReferenceQueue.await(ReferenceQueue.java:71)
 java.base/java.lang.ref.ReferenceQueue.remove0(ReferenceQueue.java:143)
 java.base/java.lang.ref.ReferenceQueue.remove(ReferenceQueue.java:218)
 com.mysql.cj.jdbc.AbandonedConnectionCleanupThread.run(AbandonedConnectionCleanupThread.java:84)
 java.base/java.util.concurrent.ThreadPoolExecutor.runWorker(ThreadPoolExecutor.java:1144)
 java.base/java.util.concurrent.ThreadPoolExecutor$Worker.run(ThreadPoolExecutor.java:642)
 java.base/java.lang.Thread.run(Thread.java:1583)
24-Jun-2026 22:27:49.390 INFORMACIÓN [Thread-1] org.apache.coyote.AbstractProtocol.stop Stopping ProtocolHandler ["http-nio-8080"]
24-Jun-2026 22:27:49.405 INFORMACIÓN [Thread-1] org.apache.coyote.AbstractProtocol.destroy Destroying ProtocolHandler ["http-nio-8080"]
