02-Jul-2026 15:47:26.086 INFORMACIÓN [main] org.apache.catalina.startup.VersionLoggerListener.log Nombre de la versión del servidor: Apache Tomcat/10.1.56
02-Jul-2026 15:47:26.086 INFORMACIÓN [main] org.apache.catalina.startup.VersionLoggerListener.log Server built:                      Jun 17 2026 23:33:08 UTC
02-Jul-2026 15:47:26.086 INFORMACIÓN [main] org.apache.catalina.startup.VersionLoggerListener.log Número de versión de servidor:     10.1.56.0
02-Jul-2026 15:47:26.086 INFORMACIÓN [main] org.apache.catalina.startup.VersionLoggerListener.log OS Name:                           Windows 11
02-Jul-2026 15:47:26.086 INFORMACIÓN [main] org.apache.catalina.startup.VersionLoggerListener.log Versión de Systema Operativo:      10.0
02-Jul-2026 15:47:26.086 INFORMACIÓN [main] org.apache.catalina.startup.VersionLoggerListener.log Arquitectura:                      amd64
02-Jul-2026 15:47:26.086 INFORMACIÓN [main] org.apache.catalina.startup.VersionLoggerListener.log Java Home:                         C:\Program Files\Eclipse Adoptium\jdk-21.0.7.6-hotspot
02-Jul-2026 15:47:26.086 INFORMACIÓN [main] org.apache.catalina.startup.VersionLoggerListener.log JVM Version:                       21.0.7+6-LTS
02-Jul-2026 15:47:26.086 INFORMACIÓN [main] org.apache.catalina.startup.VersionLoggerListener.log Vededor JVM:                       Eclipse Adoptium
02-Jul-2026 15:47:26.086 INFORMACIÓN [main] org.apache.catalina.startup.VersionLoggerListener.log CATALINA_BASE:                     D:\Desktop\cowork\evidencias\july\signlearn-jdbc\tomcat
02-Jul-2026 15:47:26.098 INFORMACIÓN [main] org.apache.catalina.startup.VersionLoggerListener.log CATALINA_HOME:                     D:\Desktop\cowork\evidencias\july\signlearn-jdbc\tomcat
02-Jul-2026 15:47:26.107 INFORMACIÓN [main] org.apache.catalina.startup.VersionLoggerListener.log Command line argument:             -Djava.util.logging.config.file=D:\Desktop\cowork\evidencias\july\signlearn-jdbc\tomcat\conf\logging.properties
02-Jul-2026 15:47:26.107 INFORMACIÓN [main] org.apache.catalina.startup.VersionLoggerListener.log Command line argument:             -Djava.util.logging.manager=org.apache.juli.ClassLoaderLogManager
02-Jul-2026 15:47:26.107 INFORMACIÓN [main] org.apache.catalina.startup.VersionLoggerListener.log Command line argument:             -Djdk.tls.ephemeralDHKeySize=2048
02-Jul-2026 15:47:26.107 INFORMACIÓN [main] org.apache.catalina.startup.VersionLoggerListener.log Command line argument:             -Djava.protocol.handler.pkgs=org.apache.catalina.webresources
02-Jul-2026 15:47:26.107 INFORMACIÓN [main] org.apache.catalina.startup.VersionLoggerListener.log Command line argument:             -Dsun.io.useCanonCaches=false
02-Jul-2026 15:47:26.107 INFORMACIÓN [main] org.apache.catalina.startup.VersionLoggerListener.log Command line argument:             --add-opens=java.base/java.lang=ALL-UNNAMED
02-Jul-2026 15:47:26.107 INFORMACIÓN [main] org.apache.catalina.startup.VersionLoggerListener.log Command line argument:             --add-opens=java.base/java.lang.reflect=ALL-UNNAMED
02-Jul-2026 15:47:26.107 INFORMACIÓN [main] org.apache.catalina.startup.VersionLoggerListener.log Command line argument:             --add-opens=java.base/java.io=ALL-UNNAMED
02-Jul-2026 15:47:26.107 INFORMACIÓN [main] org.apache.catalina.startup.VersionLoggerListener.log Command line argument:             --add-opens=java.base/java.util=ALL-UNNAMED
02-Jul-2026 15:47:26.107 INFORMACIÓN [main] org.apache.catalina.startup.VersionLoggerListener.log Command line argument:             --add-opens=java.base/java.util.concurrent=ALL-UNNAMED
02-Jul-2026 15:47:26.107 INFORMACIÓN [main] org.apache.catalina.startup.VersionLoggerListener.log Command line argument:             --add-opens=java.rmi/sun.rmi.transport=ALL-UNNAMED
02-Jul-2026 15:47:26.107 INFORMACIÓN [main] org.apache.catalina.startup.VersionLoggerListener.log Command line argument:             -Dcatalina.base=D:\Desktop\cowork\evidencias\july\signlearn-jdbc\tomcat
02-Jul-2026 15:47:26.107 INFORMACIÓN [main] org.apache.catalina.startup.VersionLoggerListener.log Command line argument:             -Dcatalina.home=D:\Desktop\cowork\evidencias\july\signlearn-jdbc\tomcat
02-Jul-2026 15:47:26.107 INFORMACIÓN [main] org.apache.catalina.startup.VersionLoggerListener.log Command line argument:             -Djava.io.tmpdir=D:\Desktop\cowork\evidencias\july\signlearn-jdbc\tomcat\temp
02-Jul-2026 15:47:27.546 INFORMACIÓN [main] org.apache.catalina.core.AprLifecycleListener.lifecycleEvent Cargada la biblioteca nativa APR de Apache Tomcat [2.0.15] con la versión APR [1.7.6].
02-Jul-2026 15:47:27.557 INFORMACIÓN [main] org.apache.catalina.core.AprLifecycleListener.initializeSSL OpenSSL inicializado correctamente [OpenSSL 3.5.7 9 Jun 2026]
02-Jul-2026 15:47:28.116 INFORMACIÓN [main] org.apache.coyote.AbstractProtocol.init Inicializando el manejador de protocolo ["http-nio-8080"]

02-Jul-2026 15:47:28.181 INFORMACIÓN [main] org.apache.catalina.startup.Catalina.load Server initialization in [2333] milliseconds
02-Jul-2026 15:47:28.268 INFORMACIÓN [main] org.apache.catalina.core.StandardService.startInternal Arrancando servicio [Catalina]
02-Jul-2026 15:47:28.268 INFORMACIÓN [main] org.apache.catalina.core.StandardEngine.startInternal Starting Servlet engine: [Apache Tomcat/10.1.56]
02-Jul-2026 15:47:28.291 INFORMACIÓN [main] org.apache.catalina.startup.HostConfig.deployDirectory Desplegando el directorio [D:\Desktop\cowork\evidencias\july\signlearn-jdbc\tomcat\webapps\docs] de la aplicación web
02-Jul-2026 15:47:29.491 INFORMACIÓN [main] org.apache.jasper.servlet.TldScanner.scanJars Al menos un JAR, que se ha explorado buscando TLDs, aún no contenía TLDs. Activar historial de depuración para este historiador para una completa lista de los JARs que fueron explorados y de los que nos se halló TLDs. Saltarse JARs no necesarios durante la exploración puede dar lugar a una mejora de tiempo significativa en el arranque y compilación de JSP .
02-Jul-2026 15:47:29.614 INFORMACIÓN [main] org.apache.catalina.startup.HostConfig.deployDirectory Deployment of web application directory [D:\Desktop\cowork\evidencias\july\signlearn-jdbc\tomcat\webapps\docs] has finished in [1.318] ms
02-Jul-2026 15:47:29.615 INFORMACIÓN [main] org.apache.catalina.startup.HostConfig.deployDirectory Desplegando el directorio [D:\Desktop\cowork\evidencias\july\signlearn-jdbc\tomcat\webapps\examples] de la aplicación web
02-Jul-2026 15:47:31.452 INFORMACIÓN [main] org.apache.jasper.servlet.TldScanner.scanJars Al menos un JAR, que se ha explorado buscando TLDs, aún no contenía TLDs. Activar historial de depuración para este historiador para una completa lista de los JARs que fueron explorados y de los que nos se halló TLDs. Saltarse JARs no necesarios durante la exploración puede dar lugar a una mejora de tiempo significativa en el arranque y compilación de JSP .
02-Jul-2026 15:47:31.596 INFORMACIÓN [main] org.apache.catalina.startup.HostConfig.deployDirectory Deployment of web application directory [D:\Desktop\cowork\evidencias\july\signlearn-jdbc\tomcat\webapps\examples] has finished in [1.980] ms
02-Jul-2026 15:47:31.597 INFORMACIÓN [main] org.apache.catalina.startup.HostConfig.deployDirectory Desplegando el directorio [D:\Desktop\cowork\evidencias\july\signlearn-jdbc\tomcat\webapps\host-manager] de la aplicación web
02-Jul-2026 15:47:32.180 INFORMACIÓN [main] org.apache.jasper.servlet.TldScanner.scanJars Al menos un JAR, que se ha explorado buscando TLDs, aún no contenía TLDs. Activar historial de depuración para este historiador para una completa lista de los JARs que fueron explorados y de los que nos se halló TLDs. Saltarse JARs no necesarios durante la exploración puede dar lugar a una mejora de tiempo significativa en el arranque y compilación de JSP .
02-Jul-2026 15:47:32.186 INFORMACIÓN [main] org.apache.catalina.startup.HostConfig.deployDirectory Deployment of web application directory [D:\Desktop\cowork\evidencias\july\signlearn-jdbc\tomcat\webapps\host-manager] has finished in [590] ms
02-Jul-2026 15:47:32.186 INFORMACIÓN [main] org.apache.catalina.startup.HostConfig.deployDirectory Desplegando el directorio [D:\Desktop\cowork\evidencias\july\signlearn-jdbc\tomcat\webapps\manager] de la aplicación web
02-Jul-2026 15:47:32.666 INFORMACIÓN [main] org.apache.jasper.servlet.TldScanner.scanJars Al menos un JAR, que se ha explorado buscando TLDs, aún no contenía TLDs. Activar historial de depuración para este historiador para una completa lista de los JARs que fueron explorados y de los que nos se halló TLDs. Saltarse JARs no necesarios durante la exploración puede dar lugar a una mejora de tiempo significativa en el arranque y compilación de JSP .
02-Jul-2026 15:47:32.681 INFORMACIÓN [main] org.apache.catalina.startup.HostConfig.deployDirectory Deployment of web application directory [D:\Desktop\cowork\evidencias\july\signlearn-jdbc\tomcat\webapps\manager] has finished in [495] ms
02-Jul-2026 15:47:32.681 INFORMACIÓN [main] org.apache.catalina.startup.HostConfig.deployDirectory Desplegando el directorio [D:\Desktop\cowork\evidencias\july\signlearn-jdbc\tomcat\webapps\ROOT] de la aplicación web
02-Jul-2026 15:47:33.152 INFORMACIÓN [main] org.apache.jasper.servlet.TldScanner.scanJars Al menos un JAR, que se ha explorado buscando TLDs, aún no contenía TLDs. Activar historial de depuración para este historiador para una completa lista de los JARs que fueron explorados y de los que nos se halló TLDs. Saltarse JARs no necesarios durante la exploración puede dar lugar a una mejora de tiempo significativa en el arranque y compilación de JSP .
02-Jul-2026 15:47:33.153 INFORMACIÓN [main] org.apache.catalina.startup.HostConfig.deployDirectory Deployment of web application directory [D:\Desktop\cowork\evidencias\july\signlearn-jdbc\tomcat\webapps\ROOT] has finished in [472] ms
02-Jul-2026 15:47:33.153 INFORMACIÓN [main] org.apache.catalina.startup.HostConfig.deployDirectory Desplegando el directorio [D:\Desktop\cowork\evidencias\july\signlearn-jdbc\tomcat\webapps\signlearn] de la aplicación web
02-Jul-2026 15:47:33.797 INFORMACIÓN [main] org.apache.jasper.servlet.TldScanner.scanJars Al menos un JAR, que se ha explorado buscando TLDs, aún no contenía TLDs. Activar historial de depuración para este historiador para una completa lista de los JARs que fueron explorados y de los que nos se halló TLDs. Saltarse JARs no necesarios durante la exploración puede dar lugar a una mejora de tiempo significativa en el arranque y compilación de JSP .
02-Jul-2026 15:47:33.819 INFORMACIÓN [main] org.apache.catalina.startup.HostConfig.deployDirectory Deployment of web application directory [D:\Desktop\cowork\evidencias\july\signlearn-jdbc\tomcat\webapps\signlearn] has finished in [666] ms
02-Jul-2026 15:47:33.829 INFORMACIÓN [main] org.apache.coyote.AbstractProtocol.start Starting ProtocolHandler ["http-nio-8080"]
02-Jul-2026 15:47:33.893 INFORMACIÓN [main] org.apache.catalina.startup.Catalina.start Server startup in [5709] milliseconds
